Archive member included because of file (symbol)

c:/program files/winavr/bin/../lib/gcc/avr/4.3.3/avr25\libgcc.a(_udivmodhi4.o)
                              Main.o (__udivmodhi4)
c:/program files/winavr/bin/../lib/gcc/avr/4.3.3/avr25\libgcc.a(_udivmodsi4.o)
                              WaveParser.o (__udivmodsi4)
c:/program files/winavr/bin/../lib/gcc/avr/4.3.3/avr25\libgcc.a(_exit.o)
                              c:/program files/winavr/bin/../lib/gcc/avr/4.3.3/../../../../avr/lib/avr25/crttn45.o (exit)
c:/program files/winavr/bin/../lib/gcc/avr/4.3.3/avr25\libgcc.a(_copy_data.o)
                              Main.o (__do_copy_data)
c:/program files/winavr/bin/../lib/gcc/avr/4.3.3/avr25\libgcc.a(_clear_bss.o)
                              Main.o (__do_clear_bss)
c:/program files/winavr/bin/../lib/gcc/avr/4.3.3/avr25\libgcc.a(_ctors.o)
                              Main.o (__do_global_ctors)
c:/program files/winavr/bin/../lib/gcc/avr/4.3.3/avr25\libgcc.a(_dtors.o)
                              Main.o (__do_global_dtors)
c:/program files/winavr/bin/../lib/gcc/avr/4.3.3/avr25\libgcc.a(_tablejump.o)
                              c:/program files/winavr/bin/../lib/gcc/avr/4.3.3/avr25\libgcc.a(_ctors.o) (__tablejump__)
c:/program files/winavr/bin/../lib/gcc/avr/4.3.3/../../../../avr/lib/avr25\libc.a(malloc.o)
                              ImaAdpcmDecoder.o (malloc)

Allocating common symbols
Common symbol       size              file

__brkval            0x2               c:/program files/winavr/bin/../lib/gcc/avr/4.3.3/../../../../avr/lib/avr25\libc.a(malloc.o)
__flp               0x2               c:/program files/winavr/bin/../lib/gcc/avr/4.3.3/../../../../avr/lib/avr25\libc.a(malloc.o)

Memory Configuration

Name             Origin             Length             Attributes
text             0x00000000         0x00002000         xr
data             0x00800060         0x0000ffa0         rw !x
eeprom           0x00810000         0x00010000         rw !x
fuse             0x00820000         0x00000400         rw !x
lock             0x00830000         0x00000400         rw !x
signature        0x00840000         0x00000400         rw !x
*default*        0x00000000         0xffffffff

Linker script and memory map

LOAD c:/program files/winavr/bin/../lib/gcc/avr/4.3.3/../../../../avr/lib/avr25/crttn45.o
LOAD Main.o
LOAD SPI.o
LOAD SPI.inc.o
LOAD ImaAdpcmDecoder.o
LOAD YamahaAdpcmDecoder.o
LOAD WaveInfo.inc.o
LOAD Decoder.inc.o
LOAD Decoder.o
LOAD Utility.o
LOAD WaveParser.o
LOAD SPIStream.o
LOAD PlayController.o
LOAD c:/program files/winavr/bin/../lib/gcc/avr/4.3.3/avr25\libgcc.a
LOAD c:/program files/winavr/bin/../lib/gcc/avr/4.3.3/../../../../avr/lib/avr25\libm.a
LOAD c:/program files/winavr/bin/../lib/gcc/avr/4.3.3/avr25\libgcc.a
LOAD c:/program files/winavr/bin/../lib/gcc/avr/4.3.3/../../../../avr/lib/avr25\libc.a
LOAD c:/program files/winavr/bin/../lib/gcc/avr/4.3.3/avr25\libgcc.a

.hash
 *(.hash)

.dynsym
 *(.dynsym)

.dynstr
 *(.dynstr)

.gnu.version
 *(.gnu.version)

.gnu.version_d
 *(.gnu.version_d)

.gnu.version_r
 *(.gnu.version_r)

.rel.init
 *(.rel.init)

.rela.init
 *(.rela.init)

.rel.text
 *(.rel.text)
 *(.rel.text.*)
 *(.rel.gnu.linkonce.t*)

.rela.text
 *(.rela.text)
 *(.rela.text.*)
 *(.rela.gnu.linkonce.t*)

.rel.fini
 *(.rel.fini)

.rela.fini
 *(.rela.fini)

.rel.rodata
 *(.rel.rodata)
 *(.rel.rodata.*)
 *(.rel.gnu.linkonce.r*)

.rela.rodata
 *(.rela.rodata)
 *(.rela.rodata.*)
 *(.rela.gnu.linkonce.r*)

.rel.data
 *(.rel.data)
 *(.rel.data.*)
 *(.rel.gnu.linkonce.d*)

.rela.data
 *(.rela.data)
 *(.rela.data.*)
 *(.rela.gnu.linkonce.d*)

.rel.ctors
 *(.rel.ctors)

.rela.ctors
 *(.rela.ctors)

.rel.dtors
 *(.rel.dtors)

.rela.dtors
 *(.rela.dtors)

.rel.got
 *(.rel.got)

.rela.got
 *(.rela.got)

.rel.bss
 *(.rel.bss)

.rela.bss
 *(.rela.bss)

.rel.plt
 *(.rel.plt)

.rela.plt
 *(.rela.plt)

.text           0x00000000      0xfd2
 *(.vectors)
 .vectors       0x00000000       0x1e c:/program files/winavr/bin/../lib/gcc/avr/4.3.3/../../../../avr/lib/avr25/crttn45.o
                0x00000000                __vectors
                0x00000000                __vector_default
 *(.vectors)
 *(.progmem.gcc*)
 *(.progmem*)
 .progmem.data  0x0000001e       0x14 WaveParser.o
                0x00000032                . = ALIGN (0x2)
                0x00000032                __trampolines_start = .
 *(.trampolines)
 .trampolines   0x00000032        0x0 linker stubs
 *(.trampolines*)
                0x00000032                __trampolines_end = .
 *(.jumptables)
 *(.jumptables*)
 *(.lowtext)
 *(.lowtext*)
                0x00000032                __ctors_start = .
 *(.ctors)
 .ctors         0x00000032        0x2 Main.o
                0x00000034                __ctors_end = .
                0x00000034                __dtors_start = .
 *(.dtors)
 .dtors         0x00000034        0x2 Main.o
                0x00000036                __dtors_end = .
 SORT(*)(.ctors)
 SORT(*)(.dtors)
 *(.init0)
 .init0         0x00000036        0x0 c:/program files/winavr/bin/../lib/gcc/avr/4.3.3/../../../../avr/lib/avr25/crttn45.o
                0x00000036                __init
 *(.init0)
 *(.init1)
 *(.init1)
 *(.init2)
 .init2         0x00000036        0xc c:/program files/winavr/bin/../lib/gcc/avr/4.3.3/../../../../avr/lib/avr25/crttn45.o
 *(.init2)
 *(.init3)
 *(.init3)
 *(.init4)
 .init4         0x00000042       0x16 c:/program files/winavr/bin/../lib/gcc/avr/4.3.3/avr25\libgcc.a(_copy_data.o)
                0x00000042                __do_copy_data
 .init4         0x00000058       0x10 c:/program files/winavr/bin/../lib/gcc/avr/4.3.3/avr25\libgcc.a(_clear_bss.o)
                0x00000058                __do_clear_bss
 *(.init4)
 *(.init5)
 *(.init5)
 *(.init6)
 .init6         0x00000068       0x14 c:/program files/winavr/bin/../lib/gcc/avr/4.3.3/avr25\libgcc.a(_ctors.o)
                0x00000068                __do_global_ctors
 *(.init6)
 *(.init7)
 *(.init7)
 *(.init8)
 *(.init8)
 *(.init9)
 .init9         0x0000007c        0x4 c:/program files/winavr/bin/../lib/gcc/avr/4.3.3/../../../../avr/lib/avr25/crttn45.o
 *(.init9)
 *(.text)
 .text          0x00000080        0x2 c:/program files/winavr/bin/../lib/gcc/avr/4.3.3/../../../../avr/lib/avr25/crttn45.o
                0x00000080                __vector_1
                0x00000080                __bad_interrupt
                0x00000080                __vector_6
                0x00000080                __vector_3
                0x00000080                __vector_11
                0x00000080                __vector_13
                0x00000080                __vector_7
                0x00000080                __vector_5
                0x00000080                __vector_4
                0x00000080                __vector_9
                0x00000080                __vector_8
                0x00000080                __vector_14
 .text          0x00000082      0x250 Main.o
                0x00000084                __vector_12
                0x000000fc                main
                0x00000082                __vector_2
                0x00000288                __vector_10
 .text          0x000002d2       0xc2 SPI.o
                0x00000346                SPI_ReadNextWord
                0x000002d2                SPI_Initialize
                0x00000354                SPI_ReadNextDoubleWord
                0x0000033c                SPI_ReadNext
                0x0000036e                SPI_ReadId
                0x00000322                SPI_ReadStart
                0x000002ec                SPI_Uninitialize
                0x0000036a                SPI_ReadEnd
 .text          0x00000394        0x0 SPI.inc.o
 .text          0x00000394      0x226 ImaAdpcmDecoder.o
                0x00000472                ImaAdpcmDecoder_Create
 .text          0x000005ba      0x224 YamahaAdpcmDecoder.o
                0x000005de                YamahaAdpcmDecoder_Create
 .text          0x000007de        0x0 WaveInfo.inc.o
 .text          0x000007de        0x0 Decoder.inc.o
 .text          0x000007de       0x42 Decoder.o
                0x00000806                Decoder_Decode
                0x000007de                Decoder_Create
                0x00000814                Decoder_GetTotalSamples
                0x00000804                Decoder_Delete
 .text          0x00000820       0x46 Utility.o
                0x00000820                Mul1632
 .text          0x00000866      0x1b8 WaveParser.o
                0x000008ca                WaveParser::readFourCC(SPIStream*, unsigned char const*, unsigned long&)
                0x00000866                WaveParser::checkFourCC(SPIStream*, unsigned char const*)
                0x000008f6                WaveParser::Parse(SPIStream*, WaveInfo&)
 .text          0x00000a1e      0x13e SPIStream.o
                0x00000a98                SPIStream::Read(unsigned char*, unsigned int)
                0x00000b4a                SPIStream::SetPosition(unsigned long)
                0x00000a2a                SPIStream::SPIStream()
                0x00000a42                SPIStream::Wakeup()
                0x00000a4a                SPIStream::Skip(unsigned int)
                0x00000a1e                SPIStream::SPIStream()
                0x00000af6                SPIStream::ReadByte()
                0x00000b2e                SPIStream::ReadWord()
                0x00000a46                SPIStream::Sleep()
                0x00000b12                SPIStream::ReadDoubleWord()
                0x00000a36                SPIStream::GetPosition() const
 .text          0x00000b5c      0x1dc PlayController.o
                0x00000b76                PlayController::GetState() const
                0x00000c44                PlayController::~PlayController()
                0x00000b66                PlayController::PlayController()
                0x00000b7c                PlayController::stopHardware()
                0x00000b5c                PlayController::PlayController()
                0x00000b9a                PlayController::Sleep()
                0x00000c2e                PlayController::~PlayController()
                0x00000bd6                PlayController::Timer()
                0x00000c5a                PlayController::Play(SPIStream*, unsigned long)
                0x00000b9e                PlayController::startHardware()
                0x00000b70                PlayController::Stop()
 .text          0x00000d38        0x0 c:/program files/winavr/bin/../lib/gcc/avr/4.3.3/avr25\libgcc.a(_udivmodhi4.o)
 .text          0x00000d38        0x0 c:/program files/winavr/bin/../lib/gcc/avr/4.3.3/avr25\libgcc.a(_udivmodsi4.o)
 .text          0x00000d38        0x0 c:/program files/winavr/bin/../lib/gcc/avr/4.3.3/avr25\libgcc.a(_exit.o)
 .text          0x00000d38        0x0 c:/program files/winavr/bin/../lib/gcc/avr/4.3.3/avr25\libgcc.a(_copy_data.o)
 .text          0x00000d38        0x0 c:/program files/winavr/bin/../lib/gcc/avr/4.3.3/avr25\libgcc.a(_clear_bss.o)
 .text          0x00000d38        0x0 c:/program files/winavr/bin/../lib/gcc/avr/4.3.3/avr25\libgcc.a(_ctors.o)
 .text          0x00000d38        0x0 c:/program files/winavr/bin/../lib/gcc/avr/4.3.3/avr25\libgcc.a(_dtors.o)
 .text          0x00000d38        0x0 c:/program files/winavr/bin/../lib/gcc/avr/4.3.3/avr25\libgcc.a(_tablejump.o)
 .text          0x00000d38        0x0 c:/program files/winavr/bin/../lib/gcc/avr/4.3.3/../../../../avr/lib/avr25\libc.a(malloc.o)
                0x00000d38                . = ALIGN (0x2)
 *(.text.*)
 .text.libgcc   0x00000d38       0x28 c:/program files/winavr/bin/../lib/gcc/avr/4.3.3/avr25\libgcc.a(_udivmodhi4.o)
                0x00000d38                __udivmodhi4
 .text.libgcc   0x00000d60       0x44 c:/program files/winavr/bin/../lib/gcc/avr/4.3.3/avr25\libgcc.a(_udivmodsi4.o)
                0x00000d60                __udivmodsi4
 .text.libgcc   0x00000da4        0x0 c:/program files/winavr/bin/../lib/gcc/avr/4.3.3/avr25\libgcc.a(_exit.o)
 .text.libgcc   0x00000da4        0x0 c:/program files/winavr/bin/../lib/gcc/avr/4.3.3/avr25\libgcc.a(_copy_data.o)
 .text.libgcc   0x00000da4        0x0 c:/program files/winavr/bin/../lib/gcc/avr/4.3.3/avr25\libgcc.a(_clear_bss.o)
 .text.libgcc   0x00000da4        0x0 c:/program files/winavr/bin/../lib/gcc/avr/4.3.3/avr25\libgcc.a(_ctors.o)
 .text.libgcc   0x00000da4        0x0 c:/program files/winavr/bin/../lib/gcc/avr/4.3.3/avr25\libgcc.a(_dtors.o)
 .text.libgcc   0x00000da4        0xc c:/program files/winavr/bin/../lib/gcc/avr/4.3.3/avr25\libgcc.a(_tablejump.o)
                0x00000da8                __tablejump__
                0x00000da4                __tablejump2__
 .text.avr-libc
                0x00000db0      0x20a c:/program files/winavr/bin/../lib/gcc/avr/4.3.3/../../../../avr/lib/avr25\libc.a(malloc.o)
                0x00000db0                malloc
                0x00000f0a                free
                0x00000fba                . = ALIGN (0x2)
 *(.fini9)
 .fini9         0x00000fba        0x0 c:/program files/winavr/bin/../lib/gcc/avr/4.3.3/avr25\libgcc.a(_exit.o)
                0x00000fba                exit
                0x00000fba                _exit
 *(.fini9)
 *(.fini8)
 *(.fini8)
 *(.fini7)
 *(.fini7)
 *(.fini6)
 .fini6         0x00000fba       0x14 c:/program files/winavr/bin/../lib/gcc/avr/4.3.3/avr25\libgcc.a(_dtors.o)
                0x00000fba                __do_global_dtors
 *(.fini6)
 *(.fini5)
 *(.fini5)
 *(.fini4)
 *(.fini4)
 *(.fini3)
 *(.fini3)
 *(.fini2)
 *(.fini2)
 *(.fini1)
 *(.fini1)
 *(.fini0)
 .fini0         0x00000fce        0x4 c:/program files/winavr/bin/../lib/gcc/avr/4.3.3/avr25\libgcc.a(_exit.o)
 *(.fini0)
                0x00000fd2                _etext = .

.data           0x00800060        0x8 load address 0x00000fd2
                0x00800060                PROVIDE (__data_start, .)
 *(.data)
 .data          0x00800060        0x0 c:/program files/winavr/bin/../lib/gcc/avr/4.3.3/../../../../avr/lib/avr25/crttn45.o
 .data          0x00800060        0x2 Main.o
 .data          0x00800062        0x0 SPI.o
 .data          0x00800062        0x0 SPI.inc.o
 .data          0x00800062        0x0 ImaAdpcmDecoder.o
 .data          0x00800062        0x0 YamahaAdpcmDecoder.o
 .data          0x00800062        0x0 WaveInfo.inc.o
 .data          0x00800062        0x0 Decoder.inc.o
 .data          0x00800062        0x0 Decoder.o
 .data          0x00800062        0x0 Utility.o
 .data          0x00800062        0x0 WaveParser.o
 .data          0x00800062        0x0 SPIStream.o
 .data          0x00800062        0x0 PlayController.o
 .data          0x00800062        0x0 c:/program files/winavr/bin/../lib/gcc/avr/4.3.3/avr25\libgcc.a(_udivmodhi4.o)
 .data          0x00800062        0x0 c:/program files/winavr/bin/../lib/gcc/avr/4.3.3/avr25\libgcc.a(_udivmodsi4.o)
 .data          0x00800062        0x0 c:/program files/winavr/bin/../lib/gcc/avr/4.3.3/avr25\libgcc.a(_exit.o)
 .data          0x00800062        0x0 c:/program files/winavr/bin/../lib/gcc/avr/4.3.3/avr25\libgcc.a(_copy_data.o)
 .data          0x00800062        0x0 c:/program files/winavr/bin/../lib/gcc/avr/4.3.3/avr25\libgcc.a(_clear_bss.o)
 .data          0x00800062        0x0 c:/program files/winavr/bin/../lib/gcc/avr/4.3.3/avr25\libgcc.a(_ctors.o)
 .data          0x00800062        0x0 c:/program files/winavr/bin/../lib/gcc/avr/4.3.3/avr25\libgcc.a(_dtors.o)
 .data          0x00800062        0x0 c:/program files/winavr/bin/../lib/gcc/avr/4.3.3/avr25\libgcc.a(_tablejump.o)
 .data          0x00800062        0x6 c:/program files/winavr/bin/../lib/gcc/avr/4.3.3/../../../../avr/lib/avr25\libc.a(malloc.o)
                0x00800064                __malloc_heap_start
                0x00800066                __malloc_heap_end
                0x00800062                __malloc_margin
 *(.data*)
 *(.rodata)
 *(.rodata*)
 *(.gnu.linkonce.d*)
                0x00800068                . = ALIGN (0x2)
                0x00800068                _edata = .
                0x00800068                PROVIDE (__data_end, .)

.bss            0x00800068       0x12
                0x00800068                PROVIDE (__bss_start, .)
 *(.bss)
 .bss           0x00800068        0x0 c:/program files/winavr/bin/../lib/gcc/avr/4.3.3/../../../../avr/lib/avr25/crttn45.o
 .bss           0x00800068        0xe Main.o
 .bss           0x00800076        0x0 SPI.o
 .bss           0x00800076        0x0 SPI.inc.o
 .bss           0x00800076        0x0 ImaAdpcmDecoder.o
 .bss           0x00800076        0x0 YamahaAdpcmDecoder.o
 .bss           0x00800076        0x0 WaveInfo.inc.o
 .bss           0x00800076        0x0 Decoder.inc.o
 .bss           0x00800076        0x0 Decoder.o
 .bss           0x00800076        0x0 Utility.o
 .bss           0x00800076        0x0 WaveParser.o
 .bss           0x00800076        0x0 SPIStream.o
 .bss           0x00800076        0x0 PlayController.o
 .bss           0x00800076        0x0 c:/program files/winavr/bin/../lib/gcc/avr/4.3.3/avr25\libgcc.a(_udivmodhi4.o)
 .bss           0x00800076        0x0 c:/program files/winavr/bin/../lib/gcc/avr/4.3.3/avr25\libgcc.a(_udivmodsi4.o)
 .bss           0x00800076        0x0 c:/program files/winavr/bin/../lib/gcc/avr/4.3.3/avr25\libgcc.a(_exit.o)
 .bss           0x00800076        0x0 c:/program files/winavr/bin/../lib/gcc/avr/4.3.3/avr25\libgcc.a(_copy_data.o)
 .bss           0x00800076        0x0 c:/program files/winavr/bin/../lib/gcc/avr/4.3.3/avr25\libgcc.a(_clear_bss.o)
 .bss           0x00800076        0x0 c:/program files/winavr/bin/../lib/gcc/avr/4.3.3/avr25\libgcc.a(_ctors.o)
 .bss           0x00800076        0x0 c:/program files/winavr/bin/../lib/gcc/avr/4.3.3/avr25\libgcc.a(_dtors.o)
 .bss           0x00800076        0x0 c:/program files/winavr/bin/../lib/gcc/avr/4.3.3/avr25\libgcc.a(_tablejump.o)
 .bss           0x00800076        0x0 c:/program files/winavr/bin/../lib/gcc/avr/4.3.3/../../../../avr/lib/avr25\libc.a(malloc.o)
 *(.bss*)
 *(COMMON)
 COMMON         0x00800076        0x4 c:/program files/winavr/bin/../lib/gcc/avr/4.3.3/../../../../avr/lib/avr25\libc.a(malloc.o)
                0x00800076                __brkval
                0x00800078                __flp
                0x0080007a                PROVIDE (__bss_end, .)
                0x00000fd2                __data_load_start = LOADADDR (.data)
                0x00000fda                __data_load_end = (__data_load_start + SIZEOF (.data))

.noinit         0x0080007a        0x0
                0x0080007a                PROVIDE (__noinit_start, .)
 *(.noinit*)
                0x0080007a                PROVIDE (__noinit_end, .)
                0x0080007a                _end = .
                0x0080007a                PROVIDE (__heap_start, .)

.eeprom         0x00810000        0x0
 *(.eeprom*)
                0x00810000                __eeprom_end = .

.fuse
 *(.fuse)
 *(.lfuse)
 *(.hfuse)
 *(.efuse)

.lock
 *(.lock*)

.signature
 *(.signature*)

.stab
 *(.stab)

.stabstr
 *(.stabstr)

.stab.excl
 *(.stab.excl)

.stab.exclstr
 *(.stab.exclstr)

.stab.index
 *(.stab.index)

.stab.indexstr
 *(.stab.indexstr)

.comment
 *(.comment)

.debug
 *(.debug)

.line
 *(.line)

.debug_srcinfo
 *(.debug_srcinfo)

.debug_sfnames
 *(.debug_sfnames)

.debug_aranges  0x00000000      0x120
 *(.debug_aranges)
 .debug_aranges
                0x00000000       0x20 Main.o
 .debug_aranges
                0x00000020       0x20 SPI.o
 .debug_aranges
                0x00000040       0x20 ImaAdpcmDecoder.o
 .debug_aranges
                0x00000060       0x20 YamahaAdpcmDecoder.o
 .debug_aranges
                0x00000080       0x20 Decoder.o
 .debug_aranges
                0x000000a0       0x20 Utility.o
 .debug_aranges
                0x000000c0       0x20 WaveParser.o
 .debug_aranges
                0x000000e0       0x20 SPIStream.o
 .debug_aranges
                0x00000100       0x20 PlayController.o

.debug_pubnames
                0x00000000      0x32a
 *(.debug_pubnames)
 .debug_pubnames
                0x00000000       0x4a Main.o
 .debug_pubnames
                0x0000004a       0x5f WaveParser.o
 .debug_pubnames
                0x000000a9      0x11b SPIStream.o
 .debug_pubnames
                0x000001c4      0x166 PlayController.o

.debug_info     0x00000000     0x17f1
 *(.debug_info)
 .debug_info    0x00000000      0x6df Main.o
 .debug_info    0x000006df       0x63 SPI.o
 .debug_info    0x00000742       0x6f ImaAdpcmDecoder.o
 .debug_info    0x000007b1       0x72 YamahaAdpcmDecoder.o
 .debug_info    0x00000823       0x67 Decoder.o
 .debug_info    0x0000088a       0x67 Utility.o
 .debug_info    0x000008f1      0x474 WaveParser.o
 .debug_info    0x00000d65      0x3d4 SPIStream.o
 .debug_info    0x00001139      0x6b8 PlayController.o
 *(.gnu.linkonce.wi.*)

.debug_abbrev   0x00000000      0x7d7
 *(.debug_abbrev)
 .debug_abbrev  0x00000000      0x264 Main.o
 .debug_abbrev  0x00000264       0x14 SPI.o
 .debug_abbrev  0x00000278       0x14 ImaAdpcmDecoder.o
 .debug_abbrev  0x0000028c       0x14 YamahaAdpcmDecoder.o
 .debug_abbrev  0x000002a0       0x14 Decoder.o
 .debug_abbrev  0x000002b4       0x14 Utility.o
 .debug_abbrev  0x000002c8      0x197 WaveParser.o
 .debug_abbrev  0x0000045f      0x14e SPIStream.o
 .debug_abbrev  0x000005ad      0x22a PlayController.o

.debug_line     0x00000000      0xda1
 *(.debug_line)
 .debug_line    0x00000000      0x35b Main.o
 .debug_line    0x0000035b       0x85 SPI.o
 .debug_line    0x000003e0       0xd7 ImaAdpcmDecoder.o
 .debug_line    0x000004b7       0xfc YamahaAdpcmDecoder.o
 .debug_line    0x000005b3       0x57 Decoder.o
 .debug_line    0x0000060a       0x59 Utility.o
 .debug_line    0x00000663      0x1a8 WaveParser.o
 .debug_line    0x0000080b      0x1ff SPIStream.o
 .debug_line    0x00000a0a      0x397 PlayController.o

.debug_frame    0x00000000      0x240
 *(.debug_frame)
 .debug_frame   0x00000000       0x80 Main.o
 .debug_frame   0x00000080       0x40 WaveParser.o
 .debug_frame   0x000000c0       0xc0 SPIStream.o
 .debug_frame   0x00000180       0xc0 PlayController.o

.debug_str      0x00000000      0x70c
 *(.debug_str)
 .debug_str     0x00000000      0x4f9 Main.o
                                0x57d (size before relaxing)
 .debug_str     0x000004f9      0x1a4 WaveParser.o
                                0x3c0 (size before relaxing)
 .debug_str     0x0000069d       0x16 SPIStream.o
                                0x23a (size before relaxing)
 .debug_str     0x000006b3       0x59 PlayController.o
                                0x4ac (size before relaxing)

.debug_loc      0x00000000      0x6ec
 *(.debug_loc)
 .debug_loc     0x00000000      0x18e Main.o
 .debug_loc     0x0000018e      0x116 WaveParser.o
 .debug_loc     0x000002a4      0x23a SPIStream.o
 .debug_loc     0x000004de      0x20e PlayController.o

.debug_macinfo
 *(.debug_macinfo)
OUTPUT(attiny45v-sound.elf elf32-avr)
LOAD linker stubs

.debug_ranges   0x00000000       0x60
 .debug_ranges  0x00000000       0x60 Main.o
